// Jest Snapshot v1, https://goo.gl/fbAQLP

exports[`ListArticles component shows articles 1`] = `"<div><div id=\\"article_card_info\\"><h1></h1><h3>topic 1</h3><p>Publisert: , </p><img alt=\\"Article poster\\" width=\\"300\\" height=\\"200\\"><p></p></div><div id=\\"article_card_info\\"><h1></h1><h3>topic 2</h3><p>Publisert: , </p><img alt=\\"Article poster\\" width=\\"300\\" height=\\"200\\"><p></p></div></div>"`;

exports[`ListArticles component shows error message 1`] = `"<div><h1>Error</h1><div id=\\"error-text\\">Error: Something went wrong</div></div>"`;

exports[`ListArticles component shows loading screen 1`] = `"<div>Loading...</div>"`;
